[    0.000000] Initializing cgroup subsys cpuset
[    0.000000] Initializing cgroup subsys cpu
[    0.000000] Initializing cgroup subsys cpuacct
[    0.000000] Linux version 4.4.0-184-generic (buildd@lgw01-amd64-060) (gcc version 5.4.0 20160609 (Ubuntu 5.4.0-6ubuntu1~16.04.12) ) #214-Ubuntu SMP Thu Jun 410:14:11 UTC 2020 (Ubuntu 4.4.0-184.214-generic 4.4.223)
[    0.000000] Command line: BOOT_IMAGE=/boot/vmlinuz-4.4.0-184-ggeneric root=LABEL=cloudimg-rootfs ro console=tty1 console=ttyS0
[    0.000000] KERNEL supported cpus:
[    0.000000]   Intel GenuineIntel
[    0.000000]   AMD AuthenticAMD
[    0.000000]   Centaur CentaurHauls
[    0.000000] x86/fpu: xstate_offset[2]:  576, xstate_sizes[2]:  256
[    0.000000] x86/fpu: Supporting XSAVE feature 0x01: 'x87 floating point registers'
[    0.000000] x86/fpu: Supporting XSAVE feature 0x02: 'SSE registers'
[    0.000000] x86/fpu: Supporting XSAVE feature 0x04: 'AVX registers'
[    0.000000] x86/fpu: Enabled xstate features 0x7, context size is 832 bytes, using 'standard' format.
[    0.000000] e820: BIOS-provided physical RAM map:
[    0.000000] BIOS-e820: [mem 0x0000000000000000-0x000000000009fbff] usable
[    0.000000] BIOS-e820: [mem 0x000000000009fc00-0x000000000009ffff] reserved
[    0.000000] BIOS-e820: [mem 0x00000000000f0000-0x00000000000fffff] reserved
[    0.000000] BIOS-e820: [mem 0x0000000000100000-0x000000003ffeffff] usable
[    0.000000] BIOS-e820: [mem 0x000000003fff0000-0x000000003fffffff] ACPI data
[    0.000000] BIOS-e820: [mem 0x00000000fec00000-0x00000000fec00fff] reserved
[    0.000000] BIOS-e820: [mem 0x00000000fee00000-0x00000000fee00fff] reserved
[    0.000000] BIOS-e820: [mem 0x00000000fffc0000-0x00000000ffffffff] reserved
[    0.000000] NX (Execute Disable) protection: active
[    0.000000] SMBIOS 2.5 present.
[    0.000000] Hypervisor detected: KVM
[    0.000000] e820: last_pfn = 0x3ff0 max_arch_pfn = 0x400000000
[    0.000000] MTRR: Disabled
[    0.000000] x86/PAT: MTRRs disabled, skipping PAT initialization too.
[    0.000000] CPU MTRRs all blank - virtualized system.
[    0.000000] x86/PAT: Configuration [0-7]: WB  WT  UC- UC  WB  WT  UC- UC  
[    0.000000] found SMP MP-table at [mem 0x0009fff0-0x0009ffff] mapped at [ffff88000009fff0]
[    0.000000] Scanning 1 areas for low memory corruption
[    0.000000] RAMDISK: [mem 0x362de000-0x37166fff]
[    0.000000] ACPI: Early table checksum verification disabled
[    0.000000] ACPI: RSDP 0x00000000000E0000 000024 (v02 VBOX  )
[    0.000000] ACPI: XSDT 0x000000003FFF0030 00003C (v01 VBOX   VBOXXSDT 00000001 ASL  00000061)
[    0.000000] ACPI: FACP 0x000000003FFF00F0 0000F4 (v04 VBOX   VBOXFACP 00000001 ASL  00000061)
[    0.000000] ACPI: DSDT 0x000000003FFF0470 0021FF (v02 VBOX   VBOXBIOS 00000002 INTL 20100528)
[    0.000000] ACPI: FACS 0x000000003FFF0200 000040
[    0.000000] ACPI: FACS 0x000000003FFF0200 000040
[    0.000000] ACPI: APIC 0x000000003FFF0240 00005C (v02 VBOX   VBOXAPIC 00000001 ASL  00000061)
[    0.000000] ACPI: SSDT 0x000000003FFF02A0 0001CC (v01 VBOX   VBOXCPUT 00000002 INTL 20100528)
[    0.000000] No NUMA configuration found
[    0.000000] Faking a node at [mem 0x0000000000000000-0x000000003ffeffff]
[    0.000000] NODE_DATA(0) allocated [mem 0x3ffeb000-0x3ffeffff]
[    0.000000] kvm-clock: Using msrs 4b564d01 and 4b564d00
[    0.000000] kvm-clock: cpu 0, msr 0:3ffe3001, primary cpu clock
[    0.000000] kvm-clock: using sched offset of 7260875009 cycles
[    0.000000] clocksource: kvm-clock: mask: 0xffffffffffffffff max_cycles: 0x1cd42e4dffb, max_idle_ns: 881590591483 ns
[    0.000000] Zone ranges:
[    0.000000]   DMA      [mem 0x0000000000001000-0x0000000000ffffff]
[    0.000000]   DMA32    [mem 0x0000000001000000-0x000000003ffeffff]
[    0.000000]   Normal   empty
[    0.000000]   Device   empty
[    0.000000] Movable zone start for each node
[    0.000000] Early memory node ranges
[    0.000000]   node   0: [mem 0x0000000000001000-0x000000000009efff]
[    0.000000]   node   0: [mem 0x0000000000100000-0x000000003ffeffff]
[    0.000000] Initmem setup node 0 [mem 0x0000000000001000-0x000000003ffeffff]
[    0.000000] ACPI: PM-Timer IO Port: 0x4008
[    0.000000] IOAPIC[0]: apic_id 2, version 32, address 0xfec00000, GSI 0-23
[    0.000000] ACPI: INT_SRC_OVR (bus 0 bus_irq 0 global_irq 2 dfl dfl)
[    0.000000] ACPI: INT_SRC_OVR (bus 0 bus_irq 9 global_irq 9 low level)
[    0.000000] Using ACPI (MADT) for SMP configuration information
[    0.000000] smpboot: Allowing 2 CPUs, 0 hotplug CPUs
[    0.000000] PM: Registered nosave memory: [mem 0x00000000-0x00000fff]
[    0.000000] PM: Registered nosave memory: [mem 0x0009f000-0x0009ffff]
[    0.000000] PM: Registered nosave memory: [mem 0x000a0000-0x000effff]
[    0.000000] PM: Registered nosave memory: [mem 0x000f0000-0x000fffff]
[    0.000000] e820: [mem 0x40000000-0xfebfffff] available for PCI devices
[    0.000000] Booting paravirtualized kerne on KVM
[    0.000000] clocksourrce: refined-jiffies: mask: 0xffffffff max_cycles: 0xffffffff, max_idle_ns: 7645519600211568 ns
[    0.000000] setup_percpu: NR_CPUS:512 nr_cpumask_bits:512 nr_cpu_ids:2 nr_node_ids:1
[    0.000000] PERCPU: Embedded 33 pages/cpu @ffff88003fc00000 s95448 r8192 d31528 u1048576
[    0.000000] Built 1 zonelists in Node order, mobility grouping on.  Total pages: 257912
[    0.000000] Policy zone: DMA32
[    0.000000] Kernel command line: BOOT_IMAGE=/boot/vmlinuz-4.4.0-184-generic root=LABEL=cloudimg-rootfs ro console=tty1 console=ttyS0
[    0.000000] PID hash table entries: 4096 (order: 3, 32768 bytes)
[    0.000000] Memory: 997664K/1048120K available (8632K kernel code, 1336K rwdata, 4036K rodata, 1492K init, 1292K bss, 50456K reserved, 0K cma-reserved)
[    0.000000] SLUB: HWalign=64, Order=0-3, MinObjects=0, CPUs=2, Nodes=1
[    0.000000] Kernel/User page tables isolation: enabled
[    0.000000] Hierarchical RCU implementation.
[    0.000000] 	Build-time adjustment of leaf fanout to 64.
[    0.000000] 	RCU restricting CPUs from NR_CPUS=512 to nr_cpu_ids=2.
[    0.000000] RCU: Adjusting geometry for rcu_fanout_leaf=64, nr_cpu_ids=2
[    0.000000] NR_IRQS:33024 nr_irqs:440 16
[    0.000000] Console: colour VGA+ 80x25
[    0.000000] console [tty1] enabled
[    0.000000] console [ttyS0] enabled
[    0.000000] tsc: Detected 1895.611 MHz processor
[    1.344069] Calibrating delay loop (skipped) preset value.. 3791.22 BogoMIPS (lpj=7582444)
[    1.353229] pid_max: default: 32768 minimum: 301
[    1.358199] ACPI: Core revision 20150930
[    1.370714] ACPI: 2 ACPI AML tables successfully acquired and loaded
[    1.377234] Security Framework initialized
[    1.381072] Yama: becoming mindful.
[    1.386609] AppArmor: AppArmor initialized
[    1.391548] Dentry cache hash table entries: 131072 (order: 8, 1048576 bytes)
[    1.402363] Inode-cache hash table entries: 65536 (order: 7, 524288 bytes)
[    1.408527] Mount-cache hash table entries: 2048 (order: 2, 16384 bytes)
[    1.413788] Mountpoint-cache hash table entries: 2048 (order: 2, 16384 bytes)
[    1.427077] Initializing cgroup subsys io
[    1.430811] Initializing cgroup subsys memory
[    1.435081] Initializing cgroup subsys devices
[    1.439311] Initializing cgroup subsys freezer
[    1.443461] Initializing cgroup subsys net_cls
[    1.447439] Initializing cgroup subsys perf_event
[    1.460931] Initializing cgroup subsys net_prio
[    1.465051] Initializing cgroup subsys hugetlb
[    1.469204] Initializing cgroup subsys pids
[    1.474472] mce: CPU supports 0 MCE banks
[    1.478119] Last level iTLB entries: 4KB 1024, 2MB 1024, 4MB 1024
[    1.485811] Last level dTLB entries: 4KB 1024, 2MB 1024, 4MB 1024, 1GB 4
[    1.495217] Spectre V1 : Mitigation: usercopy/swapgs barriers and __user pointer sanitization
[    1.523466] Spectre V2 : Mitigation: Full generic retpoline
[    1.529074] Spectre V2 : Spectre v2 / SpectreRSB mitigation: Filling RSB on context switch
[    1.536244] Speculative Store Bypass: Vulnerable
[    1.541153] SRBDS: Unknown: Dependent on hypervisor status
[    1.546199] MDS: Vulnerable: Clear CPU buffers attempted, no microcode
[    1.558376] Freeing SMP alternatives memory: 36K
[    1.586765] ftrace: allocating 32319 entries in 127 pages
[    1.788481] smpboot: APIC(0) Converting physical 0 to logical package 0
[    1.793633] smpboot: Max logical packages: 1
[    1.798957] x2apic enabled
[    1.809988] Switched APIC routing to physical x2apic.
[    1.821994] ..TIMER: vector=0x30 apic1=0 pin1=2 apic2=-1 pin2=-1
[    1.936169] smpboot: CPU0: Intel(R) Core(TM) i3-4030U CPU @ 1.90GHz (family: 0x6, model: 0x45, stepping: 0x1)
[    1.946029] Performance Events: unsupported p6 CPU model 69 no PMU driver, software events only.
[    1.982701] KVM setup paravirtual spinlock
[    1.989558] x86: Booting SMP configuration:
[    1.993679] .... node  #0, CPUs:      #1
[    1.998380] kvm-clock: cpu 1, msr 0:3ffe3041, secondary cpu clock
[    2.017619] mce: CPU supports 0 MCE banks
[    2.021534] x86: Booted up 1 node, 2 CPUs
[    2.032974] smpboot: Total of 2 processors activated (7582.44 BogoMIPS)
[    2.044476] devtmpfs: initialized
[    2.079234] evm: security.selinux
[    2.082386] evm: security.SMACK64
[    2.085618] evm: security.SMACK64EXEC
[    2.090412] evm: security.SMACK64TRANSMUTE
[    2.094638] evm: security.SMACK64MMAP
[    2.104724] evm: security.ima
[    2.119357] evm: security.capability
[    2.124687] clocksource: jiffies: mask: 0xffffffff max_cycles: 0xffffffff, max_idle_ns: 7645041785100000 ns
[    2.132682] futex hash table entries: 512 (order: 3, 32768 bytes)
[    2.140522] pinctrl core: initialized pinctrl subsystem
[    2.145614] RTC time: 10:50:12, date: 06/24/20
[    2.150007] NET: Registered protocol family 16
[    2.165961] cpuidle: using governor ladder
[    2.189317] cpuidle: using governor menu
[    2.192911] PCCT header not found.
[    2.196587] ACPI: bus type PCI registered
[    2.200445] acpiphp: ACPI Hot Plug PCI Controller Driver version: 0.5
[    2.206421] PCI: Using configuration type 1 for base access
[    2.227275] ACPI: Added _OSI(Module Device)
[    2.230934] ACPI: Added _OSI(Processor Device)
[    2.235002] ACPI: Added _OSI(3.0 _SCP Extensions)
[    2.239819] ACPI: Added _OSI(Processor Aggregator Device)
[    2.247380] ACPI: Executed 1 blocks of module-level executable AML code
[    2.268287] ACPI: Interpreter enabled
[    2.272615] ACPI: (supports S0 S5)
[    2.275737] ACPI: Using IOAPIC for interrupt routing
[    2.280471] PCI: Using host bridge windows from ACPI; if necessary, use "pci=nocrs" and report a bug
[    2.309375] ACPI: PCI Root Bridge [PCI0] (domain 0000 [bus 00-ff])
[    2.323039] acpi PNP0A03:00: _OSC: OS supports [ASPM ClockPM Segments MSI]
[    2.328477] acpi PNP0A03:00: _OSC: not requesting OS control; OS requires [ExtendedConfig ASPM ClockPM MSI]
[    2.336989] acpi PNP0A03:00: fail to add MMCONFIG information, can't access extended PCI configuration space under this bridge.
[    2.349297] PCI host bridge to bus 0000:00
[    2.352840] pci_bus 0000:00: root bus resource [io  0x0000-0x0cf7 window]
[    2.358330] pci_bus 0000:00: root bus resource [io  0x0d00-0xffff window]
[    2.369825] pci_bus 0000:00: root bus resource [mem 0x000a0000-0x000bffff window]
[    2.376492] pci_bus 0000:00: root bus resource [mem 0x40000000-0xfdffffff window]
[    2.383486] pci_bus 0000:00: root bus resource [bus 00-ff]
[    2.395097] pci 0000:00:01.1: legacy IDE quirk: reg 0x10: [io  0x01f0-0x01f7]
[    2.401315] pci 0000:00:01.1: legacy IDE quirk: reg 0x14: [io  0x03f6]
[    2.406435] pci 0000:00:01.1: legacy IDE quirk: reg 0x18: [io  0x0170-0x0177]
[    2.463208] pci 0000:00:01.1: legacy IDE quirk: reg 0x1c: [io  0x0376]
[    2.511338] pci 0000:00:07.0: quirk: [io  0x4000-0x403f] claimed by PIIX4 ACPI
[    2.517937] pci 0000:00:07.0: quirk: [io  0x4100-0x410f] claimed by PIIX4 SMB
[    2.564801] ACPI: PCI Interrupt Link [LNKA] (IRQs 5 9 10 *11)
[    2.579145] ACPI: PCI Interrupt Link [LNKB] (IRQs 5 9 *10 11)
[    2.588471] ACPI: PCI Interrupt Link [LNKC] (IRQs 5 *9 10 11)
[    2.597300] ACPI: PCI Interrupt Link [LNKD] (IRQs 5 9 10 *11)
[    2.605613] ACPI: Enabled 2 GPEs in block 00 to 07
[    2.610698] vgaarb: setting as boot device: PCI:0000:00:02.0
[    2.615371] vgaarb: device added: PCI:0000:00:02.0,decodes=io+mem,owns=io+mem,locks=none
[    2.629388] vgaarb: loaded
[    2.637080] vgaarb: bridge control possible 0000:00:02.0
[    2.643182] SCSI subsystem initialized
[    2.647105] ACPI: bus type USB registered
[    2.651382] usbcore: registered new interface driver usbfs
[    2.656507] usbcore: registered new interface driver hub
[    2.666639] usbcore: registered new device driver usb
[    2.673698] PCI: Using ACPI for IRQ routing
[    2.677661] NetLabel: Initializing
[    2.680512] NetLabel:  domain hash size = 128
[    2.686059] NetLabel:  protocols = UNLABELED CIPSOv4
[    2.692907] NetLabel:  unlabeled traffic allowed by default
[    2.697688] amd_nb: Cannot enumerate AMD northbridges
[    2.702062] clocksource: Switched to clocksource kvm-clock
[    2.738170] AppArmor: AppArmor Filesystem Enabled
[    2.742237] pnp: PnP ACPI init
[    2.749790] pnp: PnP ACPI: found 3 devices
[    2.774417] clocksource: acpi_pm: mask: 0xffffff max_cycles: 0xffffff, max_idle_ns: 2085701024 ns
[    2.782585] NET: Registered protocol family 2
[    2.787550] TCP established hash table entries: 8192 (order: 4, 65536 bytes)
[    2.793371] TCP bind hash tale entries: 8192 (order: 5, 131072 bytes)
[    2.860267] TCP: Hash tables configured (established 8192 bind 8192)
[    2.864474] UDP hash table entries: 512 (order: 2, 16384 bytes)
[    2.868899] UDP-Lite hash able entries: 512 (order: 2, 16384 bytes)
[    2.928081] NET: Registered protocol family 1
[    2.931225] pci 0000:00:00.0: Limiting direct PCI/PCI transfers
[    2.936070] pci 0000:00:01.0: Activating ISA DMA hang workarounds
[    2.941510] Unpacking initramfs...

[    3.900481] Freeing initrd memory: 14884K
[    3.904613] RAPL PMU detected, API unit is 2^-32 Joules, 4 fixed counters 10737418240 ms ovfl timer
[    3.913492] hw unit of domain pp0-core 2^-0 Joules
[    3.920156] hw unit of domain package 2^-0 Joules
[    3.923478] hw unit of domain dram 2^-0 Joules
[    3.926696] hw unit of domain pp1-gpu 2^-0 Joules
[    3.940367] clocksource: tsc: mask: 0xffffffffffffffff max_cycles: 0x36a5f415104, max_idle_ns: 881590682539 ns
[    3.947351] platform rtc_cmos: registered platform RTC device (no PNP device found)
[    3.963452] Scanning for low memory corruption every 60 seconds
[    3.972478] audit: initializing netlink subsys (disabled)
[    3.976762] audit: type=2000 audit(1592995821.366:1): initialized
[    3.983230] Initialise system trusted keyring
[    3.988251] HugeTLB registered 2 MB page size, pre-allocated 0 pages
[    4.003240] zbud: loaded
[    4.006673] VFS: Disk quotas dquot_6.6.0
[    4.010367] VFS: Dquot-cache hash table entries: 512 (order 0, 4096 bytes)
[    4.016974] squashfs: version 4.0 (2009/01/31) Phillip Lougher
[    4.036242] fuse init (API version 7.23)
[    4.040804] Key type big_key registered
[    4.046260] Allocating IMA MOK and blacklist keyrings.
[    4.056622] Key type asymmetric registered
[    4.059955] Asymmetric key parser 'x509' registered
[    4.066576] Block layer SCSI generic (bsg) driver version 0.4 loaded (major 249)
[    4.073469] io scheduler noop registered
[    4.077027] io scheduler deadline registered (default)
[    4.093530] io scheduler cfq registered
[    4.100039] pci_hotplug: PCI Hot Plug PCI Core version: 0.5
[    4.107530] pciehp: PCI Express Hot Plug Controller Driver version: 0.4
[    4.113748] ACPI: AC Adapter [AC] (on-line)
[    4.117856] input: Power Button as /devices/LNXSYSTM:00/LNXPWRBN:00/input/input0
[    4.131072] ACPI: Power Button [PWRF]
[    4.134542] input: Sleep Button as /devices/LNXSYSTM:00/LNXSLPBN:00/input/input1
[    4.140854] ACPI: Sleep Button [SLPF]
[    4.146246] GHES: HEST is not enabled!
[    4.147369] ACPI: Battery Slot [BAT0] (battery present)
[    4.163162] Serial: 8250/16550 driver, 32 ports, IRQ sharing enabled
[    4.199124] 00:02: ttyS0 at I/O 0x3f8 (irq = 4, base_baud = 115200) is a 16550A
[    4.212182] Linux agpgart interface v0.103
[    4.222197] loop: module loaded
[    4.228123] scsi host0: ata_piix
[    4.232117] scsi host1: ata_piix
[    4.238373] ata1: PATA max UDMA/33 cmd 0x1f0 ctl 0x3f6 bmdma 0xd000 irq 14
[    4.243773] ata2: PATA max UDMA/33 cmd 0x170 ctl 0x376 bmdma 0xd008 irq 15
[    4.249480] libphy: Fixed MDIO Bus: probed
[    4.253529] tun: Universal TUN/TAP device driver, 1.6
[    4.258234] tun: (C) 1999-2004 Max Krasnyansky <maxk@qualcomm.com>
[    4.267322] PPP generic driver version 2.4.2
[    4.271995] ehci_hcd: USB 2.0 'Enhanced' Host Controller (EHCI) Driver
[    4.277581] ehci-pci: EHCI PCI platform driver
[    4.281575] ehci-platform: EHCI generic platform driver
[    4.285835] ohci_hcd: USB 1.1 'Open' Host Controller (OHCI) Driver
[    4.290667] ohci-pci: OHCI PCI platform driver
[    4.294527] ohci-platform: OHCI generic platform driver
[    4.299403] uhci_hcd: USB Universal Host Controller Interface driver
[    4.304998] i8042: PNP: PS/2 Controller [PNP0303:PS2K,PNP0f03:PS2M] at 0x60,0x64 irq 1,12
[    4.316072] serio: i8042 KBD port at 0x60,0x64 irq 1
[    4.320949] serio: i8042 AUX port at 0x60,0x64 irq 12
[    4.331092] mousedev: PS/2 mouse device common for all mice
[    4.338670] input: AT Translated Set 2 keyboard as /devices/platform/i8042/serio0/input/input2
[    4.346369] rtc_cmos rtc_cmos: rtc core: registered rtc_cmos as rtc0
[    4.352719] rtc_cmos rtc_cmos: alarms up to one day, 114 bytes nvram
[    4.360780] i2c /dev entries drver

[    4.426693] device-mapper: uevent: version 1.0.3
[    4.435475] device-mapper: ioctl: 4.34.0-ioctl (2015-10-28) initialised: dm-devel@redhat.com
[    4.448659] ledtrig-cpu: registered to indicate activity on CPUs
[    4.458150] NET: Registered protocol family 10
[    4.462802] NET: Registered protocol family 17
[    4.466355] Key type dns_resolver registered
[    4.472151] registered taskstats version 1
[    4.475033] Loading compiled-in X.509 certificates
[    4.480025] Loaded X.509 cert 'Build time autogenerated kernel key: b6ae09eed57f82583ccd3c65c463e852cdd7a0b5'
[    4.486960] zswap: loaded using pool lzo/zbud
[    4.502333] Key type trusted registered
[    4.514832] Key type encrypted registered
[    4.517891] AppArmor: AppArmor sha1 policy hashing enabled
[    4.528190] ima: No TPM chip found, activating TPM-bypass!
[    4.531687] ima: Allocated hash algorithm: sha1
[    4.537128] evm: HMAC attrs: 0x1
[    4.540948]   Magic number: 8:650:831
[    4.543833] rtc_cmos rtc_cmos: setting system clock to 2020-06-24 10:50:14 UTC (1592995814)
[    4.550466] BIOS EDD facility v0.16 2004-Jun-25, 0 devices found
[    4.555841] EDD information not available.
[    4.570236] Freeing unused kernel memory: 1492K
[    4.573761] Write protecting the kernel read-only data: 14336k
[    4.579104] Freeing unused kernel memory: 1596K
[    4.582939] Freeing unused kernel memory: 60K
Loading, please wait...
starting version[    4.633367] random: systemd-udevd: uninitialized urandom read (16 bytes read, 3 bits of entropy available)
 229
[    4.636759] random: udevadm: uninitialized urandom read (16 bytes read, 3 bits of entropy available)
[    4.636802] random: udevadm: uninitialized urandom read (16 bytes read, 3 bits of entropy available)
[    4.670431] random: udevadm: uninitialized urandom read (16 bytes read, 3 bits of entropy available)
[    4.670633] random: udevadm: uninitialized urandom read (16 bytes read, 3 bits of entropy available)
[    4.671157] random: udevadm: uninitialized urandom read (16 bytes read, 3 bits of entropy available)
[    4.671359] random: udevadm: uninitialized urandom read (16 bytes read, 3 bits of entropy available)
[    4.671559] random: udevadm: uninitialized urandom read (16 bytes read, 3 bits of entropy available)
[    4.671768] random: udevadm: uninitialized urandom read (16 bytes read, 3 bits of entropy available)
[    4.672000] random: udevadm: uninitialized urandom read (16 bytes read, 3 bits of entropy available)
[    4.943668] e1000: Intel(R) PRO/1000 Network Driver - version 7.3.21-k8-NAPI
[    4.948313] e1000: Copyright (c) 1999-2006 Intel Corporation.
[    4.965409] Fusion MPT base driver 3.04.20
[    4.972560] Copyright (c) 1999-2008 LSI Corporation
[    5.008108] Fusion MPT SPI Host driver 3.04.20
[    5.112703] AVX2 version of gcm_enc/dec engaged.
[    5.123799] AES CTR mode by8 optimization enabled
[    5.220200] input: ImExPS/2 Generic Explorer Mouse as /devices/platform/i8042/serio1/input/input4
[    5.684167] e1000 0000:00:03.0 eth0: (PCI:33MHz:32-bit) 02:89:fa:04:16:8f
[    5.688842] e1000 0000:00:03.0 eth0: Intel(R) PRO/1000 Network Connection
[    5.696529] mptbase: ioc0: Initiating bringup
[    5.763345] ioc0: LSI53C1030 A0: Capabilities={Initiator}
[    5.940016] scsi host2: ioc0: LSI53C1030 A0, FwRev=00000000h, Ports=1, MaxQ=256, IRQ=20
[    6.066771] scsi 2:0:0:0: Direct-Access     VBOX     HARDDISK         1.0  PQ: 0 ANSI: 5
[    6.144771] scsi target2:0:0: Beginning Domain Validation
[    6.293887] scsi target2:0:0: Domain Validation skipping write tests
[    6.324035] scsi target2:0:0: Ending Domain Validation
[    6.335927] scsi target2:0:0: asynchronous
[    6.401554] scsi 2:0:1:0: Direct-Access     VBOX     HARDDISK         1.0  PQ: 0 ANSI: 5
[    6.414672] scsi target2:0:1: Beginning Domain Validation
[    6.428512] scsi target2:0:1: Domain Validation skipping write tests
[    6.444609] scsi target2:0:1: Ending Domain Validation
[    6.458005] scsi target2:0:1: asynchronous
[    6.492797] sd 2:0:0:0: Attached scsi generic sg0 type 0
[    6.499560] sd 2:0:0:0: [sda] 20971520 512-byte logical blocks: (10.7 GB/10.0 GiB)
[    6.515490] sd 2:0:0:0: [sda] Write Protect is off
[    6.521134] sd 2:0:1:0: [sdb] 20480 512-byte logical blocks: (10.5 MB/10.0 MiB)
[    6.521308] sd 2:0:1:0: Attached scsi generic sg1 type 0
[    6.532869] sd 2:0:0:0: [sda] Incomplete mode parameter data
[    6.543653] sd 2:0:0:0: [sda] Assuming drive cache: write through
[    6.550048] sd 2:0:1:0: [sdb] Write Protect is off
[    6.563179] sd 2:0:1:0: [sdb] Incomplete mode parameter data
[    6.568694] sd 2:0:1:0: [sdb] Assuming drive cache: write through
[    6.583977]  sda: sda1
[    6.595032] sd 2:0:0:0: [sda] Attached SCSI disk
[    6.614171] sd 2:0:1:0: [sdb] Attached SCSI disk
[    6.970528] e1000 0000:00:08.0 eth1: (PCI:33MHz:32-bit) 08:00:27:7f:bf:d3
[    6.976243] e1000 0000:00:08.0 eth1: Intel(R) PRO/1000 Network Connection
[    6.989731] e1000 0000:00:03.0 enp0s3: renamed from eth0
[    7.027072] e1000 0000:00:08.0 enp0s8: renamed from eth1
Begin: Loading e[    9.665909] md: linear personality registered for level -1
ssential drivers[    9.679809] md: multipath personality registered for level -4
 ... [    9.718080] md: raid0 personality registered for level 0
[    9.734906] md: raid1 personality registered for level 1
[    9.822442] raid6: sse2x1   gen()  1431 MB/s
[    9.890142] raid6: sse2x1   xor()   781 MB/s
[    9.958317] raid6: sse2x2   gen()  2218 MB/s
[   10.026267] raid6: sse2x2   xor()  1438 MB/s
[   10.094123] raid6: sse2x4   gen()  2643 MB/s
[   10.162218] raid6: sse2x4   xor()  2132 MB/s
[   10.238409] raid6: avx2x1   gen()  2634 MB/s
[   10.306299] raid6: avx2x2   gen()  4941 MB/s
[   10.374089] raid6: avx2x4   gen()  5695 MB/s
[   10.382915] raid6: using algorithm avx2x4 gen() 5695 MB/s
[   10.391220] raid6: using avx2x2 recovery algorithm
[   10.407247] xor: automatically using best checksumming function:
[   10.450361]    avx       :  6695.000 MB/sec
[   10.460382] async_tx: api initialized (async)
[   10.510529] md: raid6 personality registered for level 6
[   10.515615] md: raid5 personality registered for level 5
[   10.520518] md: raid4 personality registered for level 4
[   10.558615] md: raid10 personality registered for level 10
done.
Begin: Running /scripts/init-premount ... done.
Begin: Mounting root file system ... Begin: Running /scripts/local-top ... done.
Begin: Running /scripts/local-premount ... [   10.714011] Btrfs loaded
Scanning for Btrfs filesystems
done.
Warning: fsck not present, so skipping root file system
[   10.840871] EXT4-fs (sda1): mounted filesystem with ordered data mode. Opts: (null)
done.
Begin: Running /scripts/local-bottom ... done.
Begin: Running /scripts/init-bottom ... done.
[   11.683185] random: nonblocking pool is initialized
[   12.021954] systemd[1]: systemd 229 running in system mode. (+PAM +AUDIT +SELINUX +IMA +APPARMOR +SMACK +SYSVINIT +UTMP +LIBCRYPTSETUP +GCRYPT +GNUTLS +ACL +XZ -LZ4 +SECCOMP +BLKID +ELFUTILS +KMOD -IDN)
[   12.042798] systemd[1]: Detected virtualization oracle.
[   12.048179] systemd[1]: Detected architecture x86-64.

Welcome to [1mUbuntu 16.04.6 LTS[0m!

[   12.132565] systemd[1]: Set hostname to <ubuntu>.
[   12.197294] systemd[1]: Initializing machine ID from random generator.
[   12.211072] systemd[1]: Installed transient /etc/machine-id file.
[   14.089749] systemd[1]: Reached target User and Group Name Lookups.
[[0;32m  OK  [0m] Reached target User and Group Name Lookups.
[   14.099277] systemd[1]: Created slice User and Session Slice.
[[0;32m  OK  [0m] Created slice User and Session Slice.
[   14.139666] systemd[1]: Listening on Journal Socket (/dev/log).
[[0;32m  OK  [0m] Listening on Journal Socket (/dev/log).
[   14.154816] systemd[1]: Reached target Swap.
[[0;32m  OK  [0m] Reached target Swap.
[   14.194524] systemd[1]: Reached target System Time Synchronized.
[[0;32m  OK  [0m] Reached target System Time Synchronized.
[   14.211437] systemd[1]: Listening on Journal Audit Socket.
[[0;32m  OK  [0m] Listening on Journal Audit Socket.
[   14.222012] systemd[1]: Listening on Journal Socket.
[[0;32m  OK  [0m] Listening on Journal Socket.
[   14.229991] systemd[1]: Listening on LVM2 metadata daemon socket.
[[0;32m  OK  [0m] Listening on LVM2 metadata daemon socket.
[   14.253169] systemd[1]: Created slice System Slice.
[[0;32m  OK  [0m] Created slice System Slice.
[   14.299397] systemd[1]: Starting Set console keymap...
         Starting Set console keymap...
[   14.350777] systemd[1]: Mounting Huge Pages File System...
         Mounting Huge Pages File System...
[   14.366977] systemd[1]: Starting Uncomplicated firewall...
         Starting Uncomplicated firewall...
[   14.384476] systemd[1]: Mounting POSIX Message Queue File System...
         Mounting POSIX Message Queue File System...
[   14.394568] systemd[1]: Mounting Debug File System...
         Mounting Debug File System...
[   14.566317] systemd[1]: Starting Load Kernel Modules...
         Starting Load Kernel Modules...
[   14.579484] systemd[1]: Starting Remount Root and Kernel File Systems...
         Starting Remount Root and Kernel File Systems...
[   14.597951] systemd[1]: Listening on Device-mapper event daemon FIFOs.
[[0;32m  OK  [0m] Listening on[   14.617159] EXT4-fs (sda1): re-mounted. Opts: (null)
 Device-mapper event daemon FIFOs.
[   14.662621] systemd[1]: Starting Create list of required static device nodes for the current kernel...
         Starting Create list of required st... nodes for the current kernel...
[   14.693567] systemd[1]: Reached target Slices.
[[0;32m  OK  [0[   14.722675] Loading iSCSI transport class v2.0-870.
m] Reached target Slices.
[   14.760645] systemd[1]: Created slice system-serial\x2dgetty.slice.
[[0;32m  OK  [0m] Created slice system-serial\x2dgetty.slice.
[   14.782771] systemd[1]: Listening on udev Control Socket.
[[0;32m  OK  [0m] Listening on udev Control Socket.
[   14.822850] systemd[1]: Reached target Encrypted Volumes.
[   14.844224] iscsi: registered transport (tcp)
[[0;32m  OK  [0m] Reached target Encrypted Volumes.
[   14.873793] systemd[1]: Listening on LVM2 poll daemon socket.
[[0;32m  OK  [0m] Listening on LVM2 poll daemon socket.
[   14.923224] systemd[1]: Started Trigger resolvconf update for networkd DNS.
[[0;32m  OK  [0m] Started Trigger resolvconf update for networkd DNS.
[   14.932772] systemd[1]: Started Forward Password Requests to Wall Directory Watch.
[[0;32m  OK  [0m] Started Forward Password Requests to Wall Directory Watch.
[   14.970784] systemd[1]: Starting Nameserver information manager...
         Starting Nameserver information manager...
[   14.982760] systemd[1]: Listening on Syslog Socket.
[[0;32m  OK  [0m] Listening on Syslog Socket.
[   15.035116] systemd[1]: Starting Journal Service...
         Starting Journal Service...
[   15.043791] systemd[1]: Listening on udev Kernel Socket.
[[0;32m  OK  [0m] Listening on udev Kernel Socket.
[   15.054604] systemd[1]: Set up automount Arbitrary Executable File Formats File System Automount Point.
[[0;32m  OK  [0m] Set up automount[   15.070844] iscsi: registered transport (iser)
 Arbitrary Executab...ats File System Automount Point.
[   15.157702] systemd[1]: Listening on /dev/initctl Compatibility Named Pipe.
[[0;32m  OK  [0m] Listening on /dev/initctl Compatibility Named Pipe.
[   15.191010] systemd[1]: Starting Monitoring of LVM2 mirrors, snapshots etc. using dmeventd or progress polling...
         Starting Monitoring of LVM2 mirrors... dmeventd or progress polling...
[   15.219261] systemd[1]: Mounted Huge Pages File System.
[[0;32m  OK  [0m] Mounted Huge Pages File System.
[   15.254856] systemd[1]: Mounted POSIX Message Queue File System.
[[0;32m  OK  [0m] Mounted POSIX Message Queue File System.
[   15.290991] systemd[1]: Mounted Debug File System.
[[0;32m  OK  [0m] Mounted Debug File System.
[   15.306247] systemd[1]: Started Set console keymap.
[[0;32m  OK  [0m] Started Set console keymap.
[   15.326900] systemd[1]: Started Uncomplicated firewall.
[[0;32m  OK  [0m] Started Uncomplicated firewall.
[   15.337649] systemd[1]: Started Load Kernel Modules.
[[0;32m  OK  [0m] Started Load Kernel Modules.
[   15.349328] systemd[1]: Started Remount Root and Kernel File Systems.
[[0;32m  OK  [0m] Started Remount Root and Kernel File Systems.
[   15.380349] systemd[1]: Started Create list of required static device nodes for the current kernel.
[[0;32m  OK  [0m] Started Create list of required sta...ce nodes for the current kernel.
[   15.430255] systemd[1]: Starting Create Static Device Nodes in /dev...
         Starting Create Static Device Nodes in /dev...
[   15.534810] systemd[1]: Starting udev Coldplug all Devices...
         Starting udev Coldplug all Devices...
[   15.553385] systemd[1]: Starting Load/Save Random Seed...
         Starting Load/Save Random Seed...
[   15.573806] systemd[1]: Starting Apply Kernel Variables...
         Starting Apply Kernel Variables...
[   15.596122] systemd[1]: Mounting FUSE Control File System...
         Mounting FUSE Control File System...
[   15.616851] systemd[1]: Mounted FUSE Control File System.
[[0;32m  OK  [0m] Mounted FUSE Control File System.
[   15.653871] systemd[1]: Started Journal Service.
[[0;32m  OK  [0m] Started Journal Service.
[[0;32m  OK  [0m] Started Nameserver information manager.
[[0;32m  OK  [0m] Started Load/Save Random Seed.
[[0;32m  OK  [0m] Started LVM2 metadata daemon.
         Starting Flush Journal to Persistent Storage...
[[0;32m  OK  [0m] Started udev Coldplug all Devices.
[[0;32m  OK  [0m] Started Apply Kernel Variables.
[[0;32m  OK  [0m] Started Flush Journal to Persistent Storage.
[[0;32m  OK  [0m] Started Monitoring of LVM2 mirrors,...ng dmeventd or progress polling.
[[0;32m  OK  [0m] Started Create Static Device Nodes in /dev.
         Starting udev Kernel Device Manager...
[[0;32m  OK  [0m] Reached target Local File Systems (Pre).
[[0;32m  OK  [0m] Reached target Local File Systems.
         Starting Initial cloud-init job (pre-networking)...
         Starting Commit a transient machine-id on disk...
         Starting LSB: AppArmor initialization...
         Starting Tell Plymouth To Write Out Runtime Data...
         Starting Set console font and keymap...
         Starting Create Volatile Files and Directories...
[[0;32m  OK  [0m] Started Commit a transient machine-id on disk.
[[0;32m  OK  [0m] Started Create Volatile Files and Directories.
         Starting Update UTMP about System Boot/Shutdown...
[[0;32m  OK  [0m] Started Tell Plymouth To Write Out Runtime Data.
[[0;32m  OK  [0m] Started Update UTMP about System Boot/Shutdown.
[[0;32m  OK  [0m] Started udev Kernel Device Manager.
[[0;32m  OK  [0m] Started Dispatch Password Requests to Console Directory Watch.
[[0;32m  OK  [0m] Found device /dev/ttyS0.
[[0;32m  OK  [0m] Listening on Load/Save RF Kill Switch Status /dev/rfkill Watch.
[[0;32m  OK  [0m] Started Set console font and keymap.
[[0;32m  OK  [0m] Created slice system-getty.slice.
[[0;32m  OK  [0m] Started LSB: AppArmor initialization.
[   25.166027] cloud-init[467]: Cloud-init v. 19.4-33-gbb4131a2-0ubuntu1~16.04.1 running 'init-local' at Wed, 24 Jun 2020 10:50:35 +0000. Up 23.73 seconds.
[[0;32m  OK  [0m] Started Initial cloud-init job (pre-networking).
[[0;32m  OK  [0m] Reached target Network (Pre).
         Starting Raise network interfaces...
[[0;32m  OK  [0m] Started Raise network interfaces.
         Starting Initial cloud-init job (metadata service crawler)...
[[0;32m  OK  [0m] Reached target Network.
[   30.244655] cloud-init[993]: Cloud-init v. 19.4-33-gbb4131a2-0ubuntu1~16.04.1 running 'init' at Wed, 24 Jun 2020 10:50:39 +0000. Up 27.49 seconds.
[   30.259938] cloud-init[993]: ci-info: ++++++++++++++++++++++++++++++++++++++Net device info+++++++++++++++++++++++++++++++++++++++
[   30.274839] cloud-init[993]: ci-info: +--------+-------+----------------------------+---------------+--------+-------------------+
[   30.289767] cloud-init[993]: ci-info: | Device |   Up  |          Address           |      Mask     | Scope  |     Hw-Address    |
[   30.300449] cloud-init[993]: ci-info: +--------+-------+----------------------------+---------------+--------+-------------------+
[   30.346106] cloud-init[993]: ci-info: | enp0s3 |  True |         10.0.2.15          | 255.255.255.0 | global | 02:89:fa:04:16:8f |
[   30.377711] cloud-init[993]: ci-info: | enp0s3 |  True | fe80::89:faff:fe04:168f/64 |       .       |  link  | 02:89:fa:04:16:8f |
[   30.393015] cloud-init[993]: ci-info: | enp0s8 | False |             .              |       .       |   .    | 08:00:27:7f:bf:d3 |
[   30.416771] cloud-init[993]: ci-info: |   lo   |  True |         127.0.0.1          |   255.0.0.0   |  host  |         .         |
[   30.451456] cloud-init[993]: ci-info: |   lo   |  True |          ::1/128           |       .       |  host  |         .         |
[[0;32m  OK  [0m] Started Initial cloud-init job (metadata service crawler).
[   30.479484] cloud-init[993]: ci-info: +--------+-------+----------------------------+---------------+--------+-------------------+
[   30.516793] cloud-init[993]: ci-info: +++++++++++++++++++++++++++Route IPv4 info++++++++++++++++++++++++++++
[   30.517241] cloud-init[993]: ci-info: +-------+-------------+----------+---------------+-----------+-------+
[   30.517379] cloud-init[993]: ci-info: | Route | Destination | Gateway  |    Genmask    | Interface | Flags |
[   30.517516] cloud-init[993]: ci-info: +-------+-------------+----------+---------------+-----------+-------+
[   30.518049] cloud-init[993]: ci-info: |   0   |   0.0.0.0   | 10.0.2.2 |    0.0.0.0    |   enp0s3  |   UG  |
[   30.518194] cloud-init[993]: ci-info: |   1   |   10.0.2.0  | 0.0.0.0  | 255.255.255.0 |   enp0s3  |   U   |
[   30.518332] cloud-init[993]: ci-info: +-------+-------------+----------+---------------+-----------+-------+
[   30.518462] cloud-init[993]: ci-info: +++++++++++++++++++Route IPv6 info+++++++++++++++++++
[   30.518743] cloud-init[993]: ci-info: +-------+-------------+---------+-----------+-------+
[   30.518877] cloud-init[993]: ci-info: | Route | Destination | Gateway | Interface | Flags |
[   30.519010] cloud-init[993]: ci-info: +-------+-------------+---------+-----------+-------+
[   30.519148] cloud-init[993]: ci-info: |   0   |  fe80::/64  |    ::   |   enp0s3  |   U   |
[   30.519318] cloud-init[993]: ci-info: |   4   |   ff00::/8  |    ::   |   enp0s3  |   U   |
[   30.519453] cloud-init[993]: ci-info: +-------+-------------+---------+-----------+-------+
[   30.519627] cloud-init[993]: Generating public/private rsa key pair.
[   30.519763] cloud-init[993]: Your identification has been saved in /etc/ssh/ssh_host_rsa_key.
[   30.519902] cloud-init[993]: Your public key has been saved in /etc/ssh/ssh_host_rsa_key.pub.
[[0;32m  OK  [0m] Reached target Cloud-config availability.
[[0;32m  OK  [0m] Reached target System Initialization.
[[0;32m  OK  [0m] Listening on ACPID Listen Socket.
[[0;32m  OK  [0m] Started Daily apt download activities.
[[0;32m  OK  [0m] Started Daily apt upgrade and clean activities.
[[0;32m  OK  [0m] Started Daily Cleanup of Temporary Directories.
[[0;32m  OK  [0m] Listening on D-Bus System Message Bus Socket.
         Starting Socket activation for snappy daemon.
[   30.520049] cloud-init[993]: The key fingerprint is:
[[0;32m  OK  [0m] Started ACPI Events Check.
[   30.723918] cloud-init[993]: SHA256:a2iollUgkZc10cdEqC1ckb8G8+Oe8nvwjA6kDEsZ23I root@ubuntu-xenial
[[0;32m  OK  [0m] Reached target Paths.
[   30.736524] cloud-init[993]: The key's randomart image is:
[   30.809019] cloud-init[993]: +---[RSA 2048]----+
[   30.820377] cloud-init[993]: |  .o o+o.Bo      |
[   30.822049] cloud-init[993]: |  o +  .= o      |
[   30.822228] cloud-init[993]: |   o.o + o       |
[   30.822394] cloud-init[993]: |     == + .      |
[   30.822619] cloud-init[993]: |    *.E.S+ .     |
         Starting LXD - unix socket.
[   30.822794] [[0;32m  OK  [0m] Started Message of the Day.
[[0;32m  OK  [0m] Reached target Timers.
[[0;32m  OK  [0m] Listening on UUID daemon activation socket.
cloud-init[993]: |   ..B + .*      |
[   30.925085] [[0;32m  OK  [0m] Reached target Network is Online.
cloud-init[993]: |   oo = +o *     |
[   30.942289]          Starting iSCSI initiator daemon (iscsid)...
[[0;32m  OK  [0m] Listening on Socket activation for snappy daemon.
[[0;32m  OK  [0m] Listening on LXD - unix socket.
[[0;32m  OK  [0m] Reached target Sockets.
[[0;32m  OK  [0m] Reached target Basic System.
cloud-init[993]: |  o. . ...o.+    |
         Starting Virtualbox guest utils...
[   31.065497] cloud-init[993]: | ..      =*o     |
         Starting LSB: Record successful boot for GRUB...
[   31.107912] cloud-init[993]: +----[SHA256]-----+
[   31.153911] cloud-init[993]: Generating public/private dsa key pair.
[[0;32m  OK  [0m] Started Deferred execution scheduler.
[   31.178887] cloud-init[993]: Your identification has been saved in /etc/ssh/ssh_host_dsa_key.
[   31.240832] cloud-init[993]: Your public key has been saved in /etc/ssh/ssh_host_dsa_key.pub.
         Starting Pollinate to seed the pseudo random number generator...
[   31.259921] cloud-init[993]: The key fingerprint is:
[   31.277216] cloud-init[993]: SHA256:NPvK5z6vXCU1Utk3rr5Z9hjoygRwt4xgtshHiCNutCI root@ubuntu-xenial
[   31.290577] cloud-init[993]: The key's randomart image is:
[[0;32m  OK  [0m] Started ACPI event daemon.
[   31.309089] cloud-init[993]: +---[DSA 1024]----+
[[0;32m  OK  [0m] Started FUSE filesystem for LXC.
[   31.316897] cloud-init[993]: |              .o |
[   31.345096] cloud-init[993]: |   . .       ...o|
[   31.354118] cloud-init         Starting Accounts Service...
[993]: |..o . * + . . + o|
[   31.375097] cloud-init[993]: |o..o = * * . o o |
         Starting /etc/rc.local Compatibility...
[   31.381172] cloud-init[993]: |E+  o o S o . o  |
[   31.390140] cloud-init[993]: |+    .   o   =   |
[   31.396714] cloud-init[993]: |          o + .o |
[   31.418952] cloud-init[993]: |       . =oo .+o.|
[[0;32m  OK  [0m] Started Regular background program processing daemon.
[   31.429855] cloud-init[993]: |        o+B=ooo .|
[   31.477277] cloud-init[993]: +----[SHA256]-----+
         Starting System Logging Service...
[   31.490171] cloud-init[993]: Generating public/private ecdsa key pair.
[   31.531078] [[0;32m  OK  [0m] Started D-Bus System Message Bus.
cloud-init[993]: Your identification has been saved in /etc/ssh/ssh_host_ecdsa_key.
[   31.550670] cloud-init[993]: Your public key has been saved in /etc/ssh/ssh_host_ecdsa_key.pub.
[   31.558768] cloud-init[993]: The key fingerprint is:
[   31.564568] cloud-init[993]: SHA256:T1Bz/phsUyam5lr9fPWoR12Gor1IH9A6Xm+vHfm0DTE root@ubuntu-xenial
[   31.573052] cloud-init[993]: The key's randomart image is:
[   31.579018] cloud-init[993]: +---[ECDSA 256]---+
[   31.582951] cloud-init[993]: |          o .    |
[   31.588017] cloud-init[993]: |         . +     |
[   31.596264] cloud-init[993]: |        .  .+ o. |
[   31.604877] cloud-init[993]: |         ..+oB. o|
[   31.612314] cloud-init[993]: |        S +=*.Eo.|
[   31.643882] cloud-init[993]: |         ==o+..o+|
[   31.649014] cloud-init[993]: |         o+=.=.++|
[   31.655622] cloud-init[993]: |         oo oo=+B|
[   31.667476] cloud-init[993]: |        .   .++==|
[   31.675541] cloud-init[993]: +----[SHA256]-----+
[   31.689581] cloud-init[993]: Generating public/private ed25519 key pair.
[   31.696355] cloud-init[993]: Your identification has been saved in /etc/ssh/ssh_host_ed25519_key.
[   31.729617] cloud-init[993]: Your public key has been saved in /etc/ssh/ssh_host_ed25519_key.pub.
[   31.744921] cloud-init[993]: The key fingerprint is:
[   31.750419] cloud-init[993]: SHA256:yHaEZbd7BQrgoHu19q7aS9JMbq4k4fVyAOQJXYonk90 root@ubuntu-xenial
[   31.757908] cloud-init[993]: The key's randomart image is:
[   31.764448] cloud-init[993]: +--[ED25519 256]--+
[   31.788339] cloud-init[993]: |....o ..+ . .    |
[   31.802743] cloud-init[993]: | B.= o + o o .   |
[   31.810648] cloud-init[993]: |= O E + . o   .  |
[   31.814419] cloud-init[993]: | + o o +   . .   |
[   31.829869] cloud-init[993]: |  o + B S . .    |
[   31.844378] cloud-init[993]: | . + X o   .     |
[   31.865145] cloud-init[993]: |  o + O .        |
[   31.884782] cloud-init[993]: |   o O .         |
[   31.888563] cloud-init[993]: |    oo=o.        |
[   31.908938] cloud-init[993]: +----[SHA256]-----+
         Starting LXD - container startup/shutdown...
         Starting Login Service...
         Starting LSB: MD monitoring daemon...
         Starting Snappy daemon...
[[0;32m  OK  [0m] Started System Logging Service.
[[0;32m  OK  [0m] Started /etc/rc.local Compatibility.
[[0;32m  OK  [0m] Started iSCSI initiator daemon (iscsid).
         Starting Login to default iSCSI targets...
[[0;32m  OK  [0m] Started LSB: MD monitoring daemon.
[[0;32m  OK  [0m] Started LSB: Record successful boot for GRUB.
[[0;32m  OK  [0m] Started Login to default iSCSI targets.
[[0;32m  OK  [0m] Reached target Remote File Systems (Pre).
[[0;32m  OK  [0m] Reached target Remote File Systems.
         Starting LSB: Set the CPU Frequency Scaling governor to "ondemand"...
         Starting LSB: daemon to balance interrupts for SMP systems...
         Starting Permit User Sessions...
         Starting LSB: automatic crash report generation...
         Starting Authenticate and Authorize Users to Run Privileged Tasks...
[[0;32m  OK  [0m] Started LSB: Set the CPU Frequency Scaling governor to "ondemand".
[[0;32m  OK  [0m] Started Login Service.
[[0;32m  OK  [0m] Started Unattended Upgrades Shutdown.
[[0;32m  OK  [0m] Started LSB: automatic crash report generation.
[[0;32m  OK  [0m] Started LSB: daemon to balance interrupts for SMP systems.
[[0;32m  OK  [0m] Started Virtualbox guest utils.
[[0;32m  OK  [0m] Started Authenticate and Authorize Users to Run Privileged Tasks.
[[0;32m  OK  [0m] Started Accounts Service.
[[0;32m  OK  [0m] Started Permit User Sessions.
         Starting Hold until boot process finishes up...
         Starting Terminate Plymouth Boot Screen...
[[0;32m  OK  [0m] Started Hold until boot process finishes up.
[[0;32m  OK  [0m] Started Terminate Plymouth Boot Screen.
[[0;32m  OK  [0m] Started Getty on tty1.
[[0;32m  OK  [0m] Started Serial Getty on ttyS0.
[[0;32m  OK  [0m] Reached target Login Prompts.
         Starting Set console scheme...
[[0;32m  OK  [0m] Started Set console scheme.
[[0;32m  OK  [0m] Started Pollinate to seed the pseudo random number generator.
         Starting OpenBSD Secure Shell server...
[[0;32m  OK  [0m] Started OpenBSD Secure Shell server.
[[0;32m  OK  [0m] Started LXD - container startup/shutdown.
[[0;32m  OK  [0m] Created slice User Slice of vagrant.
         Starting User Manager for UID 1000...
[[0;32m  OK  [0m] Started Session 1 of user vagrant.
[[0;32m  OK  [0m] Started Snappy daemon.
         Starting Wait until snapd is fully seeded...
[[0;32m  OK  [0m] Started User Manager for UID 1000.

Ubuntu 16.04.6 LTS ubuntu-xenial ttyS0

ubuntu-xenial login: [   44.454639] cloud-init[1427]: Generating locales (this might take a while)...
[   51.735691] cloud-init[1427]:   en_US.UTF-8... done
[   51.739151] cloud-init[1427]: Generation complete.
[   54.697690] cloud-init[1427]: Cloud-init v. 19.4-33-gbb4131a2-0ubuntu1~16.04.1 running 'modules:config' at Wed, 24 Jun 2020 10:50:55 +0000. Up 43.52 seconds.
ci-info: no authorized SSH keys fingerprints found for user ubuntu.
<14>Jun 24 10:51:08 ec2: 
<14>Jun 24 10:51:08 ec2: #############################################################
<14>Jun 24 10:51:08 ec2: -----BEGIN SSH HOST KEY FINGERPRINTS-----
<14>Jun 24 10:51:08 ec2: 1024 SHA256:NPvK5z6vXCU1Utk3rr5Z9hjoygRwt4xgtshHiCNutCI root@ubuntu-xenial (DSA)
<14>Jun 24 10:51:08 ec2: 256 SHA256:T1Bz/phsUyam5lr9fPWoR12Gor1IH9A6Xm+vHfm0DTE root@ubuntu-xenial (ECDSA)
<14>Jun 24 10:51:08 ec2: 256 SHA256:yHaEZbd7BQrgoHu19q7aS9JMbq4k4fVyAOQJXYonk90 root@ubuntu-xenial (ED25519)
<14>Jun 24 10:51:08 ec2: 2048 SHA256:a2iollUgkZc10cdEqC1ckb8G8+Oe8nvwjA6kDEsZ23I root@ubuntu-xenial (RSA)
<14>Jun 24 10:51:08 ec2: -----END SSH HOST KEY FINGERPRINTS-----
<14>Jun 24 10:51:08 ec2: #############################################################
-----BEGIN SSH HOST KEY KEYS-----
ecdsa-sha2-nistp256 AAAAE2VjZHNhLXNoYTItbmlzdHAyNTYAAAAIbmlzdHAyNTYAAABBBJbr/ScYdDgDLgqHjetDENpXnsre20UVLvux3yOXML44wz9DqY0fJK4CZmOQjRZxp+m9kz3fiBS34A6iH7gQRYc= root@ubuntu-xenial
ssh-ed25519 AAAAC3NzaC1lZDI1NTE5AAAAIF9nfCB6g8cINu0Cup5xKcn6E1P1P5lgkXGysVNeqJe0 root@ubuntu-xenial
ssh-rsa AAAAB3NzaC1yc2EAAAADAQABAAABAQCXjS/C83mx3NjkbjTZj4tiLsEQMRQtG7jo7NWh2i/cXtCn30tEyCoKb2ImxVv93UFqnKo1ZoEYxI93CzU7kGN+N+/yl5pHXs0uHs+6Xw4sqTu1ePxTCfNiXQm5aLuaYB8bIcB1mJY7BRYl5ikjrc91g9tPsJKr+bJ/2Kb7h14OQEWGS7/0zJfIDcyJp7ZmxKK9D1nJIKhlMq5WEd+HiypAY3+XVg5Nt7LnPxsXaH4oeWGlIlqvvWzqjoMX/pe+iAFIIQHKwOtyTorxZ0QOprYX4SvOigbf1JV7guwFWPnyHyKVbd5xLYRm4eTPbFXAfEcWvU5hD3bPyouUD6yZRyPp root@ubuntu-xenial
-----END SSH HOST KEY KEYS-----
[   57.236977] cloud-init[1689]: Cloud-init v. 19.4-33-gbb4131a2-0ubuntu1~16.04.1 running 'modules:final' at Wed, 24 Jun 2020 10:51:08 +0000. Up 56.47 seconds.
[   57.237568] cloud-init[1689]: ci-info: no authorized SSH keys fingerprints found for user ubuntu.
[   57.238131] cloud-init[1689]: Cloud-init v. 19.4-33-gbb4131a2-0ubuntu1~16.04.1 finished at Wed, 24 Jun 2020 10:51:08 +0000. Datasource DataSourceNoCloud [seed=/dev/sdb][dsmode=net].  Up 57.20 seconds
